// Jest Snapshot v1, https://goo.gl/fbAQLP

exports[`PopUps matches snapshot 1`] = `
.c0 {
  position: absolute;
  top: 0;
  bottom: 0;
  left: 0;
  right: 0;
  display: -webkit-box;
  display: -webkit-flex;
  display: -ms-flexbox;
  display: flex;
  -webkit-box-pack: center;
  -webkit-justify-content: center;
  -ms-flex-pack: center;
  justify-content: center;
  -webkit-align-items: center;
  -webkit-box-align: center;
  -ms-flex-align: center;
  align-items: center;
}

.c1 {
  z-index: 666;
  position: absolute;
  top: 0;
  bottom: 0;
  left: 0;
  right: 0;
  background-color: rgba(0,0,0,0.5);
}

.c2 {
  z-index: 999;
  padding: 10px;
  background-color: white;
}

<PopUpsstyle__divPopup>
  <StyledComponent
    forwardedComponent={
      Object {
        "$$typeof": Symbol(react.forward_ref),
        "attrs": Array [],
        "componentStyle": ComponentStyle {
          "componentId": "PopUpsstyle__divPopup-sc-1nrsy50-0",
          "isStatic": true,
          "lastClassName": "c0",
          "rules": Array [
            "position:absolute;top:0;bottom:0;left:0;right:0;display:flex;justify-content:center;align-items:center;",
          ],
        },
        "displayName": "PopUpsstyle__divPopup",
        "foldedComponentIds": Array [],
        "render": [Function],
        "styledComponentId": "PopUpsstyle__divPopup-sc-1nrsy50-0",
        "target": "div",
        "toString": [Function],
        "warnTooManyClasses": [Function],
        "withComponent": [Function],
      }
    }
    forwardedRef={null}
  >
    <div
      className="c0"
    >
      <PopUpsstyle__divOuter
        onClick={[Function]}
      >
        <StyledComponent
          forwardedComponent={
            Object {
              "$$typeof": Symbol(react.forward_ref),
              "attrs": Array [],
              "componentStyle": ComponentStyle {
                "componentId": "PopUpsstyle__divOuter-sc-1nrsy50-1",
                "isStatic": true,
                "lastClassName": "c1",
                "rules": Array [
                  "z-index:666;position:absolute;top:0;bottom:0;left:0;right:0;background-color:rgba(0,0,0,0.5);",
                ],
              },
              "displayName": "PopUpsstyle__divOuter",
              "foldedComponentIds": Array [],
              "render": [Function],
              "styledComponentId": "PopUpsstyle__divOuter-sc-1nrsy50-1",
              "target": "div",
              "toString": [Function],
              "warnTooManyClasses": [Function],
              "withComponent": [Function],
            }
          }
          forwardedRef={null}
          onClick={[Function]}
        >
          <div
            className="c1"
            onClick={[Function]}
          />
        </StyledComponent>
      </PopUpsstyle__divOuter>
      <PopUpsstyle__divInner>
        <StyledComponent
          forwardedComponent={
            Object {
              "$$typeof": Symbol(react.forward_ref),
              "attrs": Array [],
              "componentStyle": ComponentStyle {
                "componentId": "PopUpsstyle__divInner-sc-1nrsy50-2",
                "isStatic": true,
                "lastClassName": "c2",
                "rules": Array [
                  "z-index:999;padding:10px;background-color:white;",
                ],
              },
              "displayName": "PopUpsstyle__divInner",
              "foldedComponentIds": Array [],
              "render": [Function],
              "styledComponentId": "PopUpsstyle__divInner-sc-1nrsy50-2",
              "target": "div",
              "toString": [Function],
              "warnTooManyClasses": [Function],
              "withComponent": [Function],
            }
          }
          forwardedRef={null}
        >
          <div
            className="c2"
          />
        </StyledComponent>
      </PopUpsstyle__divInner>
    </div>
  </StyledComponent>
</PopUpsstyle__divPopup>
`;
