// Jest Snapshot v1, https://goo.gl/fbAQLP

exports[`Header matches snapshot 1`] = `
Array [
  .c2 {
  display: -webkit-box;
  display: -webkit-flex;
  display: -ms-flexbox;
  display: flex;
  width: 100%;
  grid-column: span 2;
  position: relative;
}

.c2 > img {
  width: 50px;
  position: absolute;
  top: -30px;
  left: 10px;
}

.c2 > textarea {
  padding: 10px;
  outline: none;
  min-height: 56px;
  width: 100%;
  resize: vertical;
  border: none;
  margin-right: 1px;
}

.c2 > button {
  border: none;
  outline: none;
  cursor: pointer;
  background-color: #fffacd;
  padding: 0;
}

.c2 > button:active {
  background-color: #FFFF99;
}

.c0 {
  grid-area: header;
  display: grid;
  grid-gap: 10px;
  background-color: #393939;
  grid-template-columns: 1fr 1fr;
  grid-template-areas: 'header-left header-right';
  place-items: center center;
  padding: 10px 0 1px 0;
}

.c1 {
  font-size: 1.5rem;
  font-family: 'Play',sans-serif;
  color: #FFFF99;
  margin: 0 0 0 65px;
  justify-self: start;
  -webkit-letter-spacing: 0.05rem;
  -moz-letter-spacing: 0.05rem;
  -ms-letter-spacing: 0.05rem;
  letter-spacing: 0.05rem;
}

@media screen and (min-width:600px) {
  .c2 > img {
    left: 0;
  }
}

@media screen and (min-width:600px) {
  .c0 {
    padding: 10px 20px 1px 20px;
  }
}

@media screen and (min-width:600px) {
  .c1 {
    margin-left: 70px;
  }
}

<Headerstyle__header
    snapshot="Header"
  >
    <StyledComponent
      forwardedComponent={
        Object {
          "$$typeof": Symbol(react.forward_ref),
          "attrs": Array [],
          "componentStyle": ComponentStyle {
            "componentId": "Headerstyle__header-sc-6zuvh-0",
            "isStatic": false,
            "lastClassName": "c0",
            "rules": Array [
              "grid-area:header;display:grid;grid-gap:10px;background-color:",
              [Function],
              ";grid-template-columns:1fr 1fr;grid-template-areas:'header-left header-right';place-items:center center;padding:10px 0 1px 0;@media screen and (min-width:600px){padding:10px 20px 1px 20px;}",
            ],
          },
          "displayName": "Headerstyle__header",
          "foldedComponentIds": Array [],
          "render": [Function],
          "styledComponentId": "Headerstyle__header-sc-6zuvh-0",
          "target": "header",
          "toString": [Function],
          "warnTooManyClasses": [Function],
          "withComponent": [Function],
        }
      }
      forwardedRef={null}
      snapshot="Header"
    >
      <header
        className="c0"
      >
        <Headerstyle__h1>
          <StyledComponent
            forwardedComponent={
              Object {
                "$$typeof": Symbol(react.forward_ref),
                "attrs": Array [],
                "componentStyle": ComponentStyle {
                  "componentId": "Headerstyle__h1-sc-6zuvh-1",
                  "isStatic": false,
                  "lastClassName": "c1",
                  "rules": Array [
                    "font-size:1.5rem;font-family:'Play',sans-serif;color:",
                    [Function],
                    ";margin:0 0 0 65px;justify-self:start;letter-spacing:0.05rem;@media screen and (min-width:600px){margin-left:70px;}",
                  ],
                },
                "displayName": "Headerstyle__h1",
                "foldedComponentIds": Array [],
                "render": [Function],
                "styledComponentId": "Headerstyle__h1-sc-6zuvh-1",
                "target": "h1",
                "toString": [Function],
                "warnTooManyClasses": [Function],
                "withComponent": [Function],
              }
            }
            forwardedRef={null}
          >
            <h1
              className="c1"
            >
              Starter
            </h1>
          </StyledComponent>
        </Headerstyle__h1>
        <SignOn>
          <Component>
            <Query
              errorPolicy="all"
              query={
                Object {
                  "definitions": Array [
                    Object {
                      "directives": Array [],
                      "kind": "OperationDefinition",
                      "name": Object {
                        "kind": "Name",
                        "value": "ME_QUERY",
                      },
                      "operation": "query",
                      "selectionSet": Object {
                        "kind": "SelectionSet",
                        "selections": Array [
                          Object {
                            "alias": undefined,
                            "arguments": Array [],
                            "directives": Array [],
                            "kind": "Field",
                            "name": Object {
                              "kind": "Name",
                              "value": "me",
                            },
                            "selectionSet": Object {
                              "kind": "SelectionSet",
                              "selections": Array [
                                Object {
                                  "alias": undefined,
                                  "arguments": Array [],
                                  "directives": Array [],
                                  "kind": "Field",
                                  "name": Object {
                                    "kind": "Name",
                                    "value": "id",
                                  },
                                  "selectionSet": undefined,
                                },
                                Object {
                                  "alias": undefined,
                                  "arguments": Array [],
                                  "directives": Array [],
                                  "kind": "Field",
                                  "name": Object {
                                    "kind": "Name",
                                    "value": "email",
                                  },
                                  "selectionSet": undefined,
                                },
                              ],
                            },
                          },
                        ],
                      },
                      "variableDefinitions": Array [],
                    },
                  ],
                  "kind": "Document",
                  "loc": Object {
                    "end": 60,
                    "start": 0,
                  },
                }
              }
            >
              <Component>
                <p
                  snapshot="DisplayLoading"
                >
                  Loading ...
                </p>
              </Component>
            </Query>
          </Component>
        </SignOn>
        <IdeaCardForm>
          <Mutation
            errorPolicy="all"
            mutation={
              Object {
                "definitions": Array [
                  Object {
                    "directives": Array [],
                    "kind": "OperationDefinition",
                    "name": Object {
                      "kind": "Name",
                      "value": "CREATE_IDEA_MUTATION",
                    },
                    "operation": "mutation",
                    "selectionSet": Object {
                      "kind": "SelectionSet",
                      "selections": Array [
                        Object {
                          "alias": undefined,
                          "arguments": Array [
                            Object {
                              "kind": "Argument",
                              "name": Object {
                                "kind": "Name",
                                "value": "content",
                              },
                              "value": Object {
                                "kind": "Variable",
                                "name": Object {
                                  "kind": "Name",
                                  "value": "content",
                                },
                              },
                            },
                          ],
                          "directives": Array [],
                          "kind": "Field",
                          "name": Object {
                            "kind": "Name",
                            "value": "createIdea",
                          },
                          "selectionSet": Object {
                            "kind": "SelectionSet",
                            "selections": Array [
                              Object {
                                "alias": undefined,
                                "arguments": Array [],
                                "directives": Array [],
                                "kind": "Field",
                                "name": Object {
                                  "kind": "Name",
                                  "value": "id",
                                },
                                "selectionSet": undefined,
                              },
                            ],
                          },
                        },
                      ],
                    },
                    "variableDefinitions": Array [
                      Object {
                        "defaultValue": undefined,
                        "directives": Array [],
                        "kind": "VariableDefinition",
                        "type": Object {
                          "kind": "NonNullType",
                          "type": Object {
                            "kind": "NamedType",
                            "name": Object {
                              "kind": "Name",
                              "value": "String",
                            },
                          },
                        },
                        "variable": Object {
                          "kind": "Variable",
                          "name": Object {
                            "kind": "Name",
                            "value": "content",
                          },
                        },
                      },
                    ],
                  },
                ],
                "kind": "Document",
                "loc": Object {
                  "end": 109,
                  "start": 0,
                },
              }
            }
            onError={[Function]}
            refetchQueries={
              Array [
                Object {
                  "query": Object {
                    "definitions": Array [
                      Object {
                        "directives": Array [],
                        "kind": "OperationDefinition",
                        "name": Object {
                          "kind": "Name",
                          "value": "ME_IDEAS_QUERY",
                        },
                        "operation": "query",
                        "selectionSet": Object {
                          "kind": "SelectionSet",
                          "selections": Array [
                            Object {
                              "alias": undefined,
                              "arguments": Array [],
                              "directives": Array [],
                              "kind": "Field",
                              "name": Object {
                                "kind": "Name",
                                "value": "getUserIdeas",
                              },
                              "selectionSet": Object {
                                "kind": "SelectionSet",
                                "selections": Array [
                                  Object {
                                    "alias": undefined,
                                    "arguments": Array [],
                                    "directives": Array [],
                                    "kind": "Field",
                                    "name": Object {
                                      "kind": "Name",
                                      "value": "id",
                                    },
                                    "selectionSet": undefined,
                                  },
                                  Object {
                                    "alias": undefined,
                                    "arguments": Array [],
                                    "directives": Array [],
                                    "kind": "Field",
                                    "name": Object {
                                      "kind": "Name",
                                      "value": "content",
                                    },
                                    "selectionSet": undefined,
                                  },
                                ],
                              },
                            },
                          ],
                        },
                        "variableDefinitions": Array [],
                      },
                    ],
                    "kind": "Document",
                    "loc": Object {
                      "end": 78,
                      "start": 0,
                    },
                  },
                },
              ]
            }
            variables={
              Object {
                "content": "",
              }
            }
          >
            <IdeaCardFormstyle__form
              onSubmit={[Function]}
              snapshot="IdeaCardForm"
            >
              <StyledComponent
                forwardedComponent={
                  Object {
                    "$$typeof": Symbol(react.forward_ref),
                    "attrs": Array [],
                    "componentStyle": ComponentStyle {
                      "componentId": "IdeaCardFormstyle__form-sc-4er11-0",
                      "isStatic": false,
                      "lastClassName": "c2",
                      "rules": Array [
                        "display:flex;width:100%;grid-column:span 2;position:relative;> img{width:50px;position:absolute;top:-30px;left:10px;}> textarea{padding:10px;outline:none;min-height:56px;width:100%;resize:vertical;border:none;margin-right:1px;}> button{border:none;outline:none;cursor:pointer;background-color:",
                        [Function],
                        ";padding:0;&:active{background-color:",
                        [Function],
                        ";}}@media screen and (min-width:600px){> img{left:0;}}",
                      ],
                    },
                    "displayName": "IdeaCardFormstyle__form",
                    "foldedComponentIds": Array [],
                    "render": [Function],
                    "styledComponentId": "IdeaCardFormstyle__form-sc-4er11-0",
                    "target": "form",
                    "toString": [Function],
                    "warnTooManyClasses": [Function],
                    "withComponent": [Function],
                  }
                }
                forwardedRef={null}
                onSubmit={[Function]}
                snapshot="IdeaCardForm"
              >
                <form
                  className="c2"
                  onSubmit={[Function]}
                >
                  <img
                    alt="ideabox"
                    src="static/ideabox.png"
                  />
                  <textarea
                    name="idea"
                    onChange={[Function]}
                    placeholder="What's on your mind?"
                    type="text"
                    value=""
                  />
                  <button
                    disabled={true}
                    type="submit"
                  >
                    Add Idea
                  </button>
                </form>
              </StyledComponent>
            </IdeaCardFormstyle__form>
          </Mutation>
        </IdeaCardForm>
      </header>
    </StyledComponent>
  </Headerstyle__header>,
  .c2 {
  display: -webkit-box;
  display: -webkit-flex;
  display: -ms-flexbox;
  display: flex;
  width: 100%;
  grid-column: span 2;
  position: relative;
}

.c2 > img {
  width: 50px;
  position: absolute;
  top: -30px;
  left: 10px;
}

.c2 > textarea {
  padding: 10px;
  outline: none;
  min-height: 56px;
  width: 100%;
  resize: vertical;
  border: none;
  margin-right: 1px;
}

.c2 > button {
  border: none;
  outline: none;
  cursor: pointer;
  background-color: #fffacd;
  padding: 0;
}

.c2 > button:active {
  background-color: #FFFF99;
}

.c0 {
  grid-area: header;
  display: grid;
  grid-gap: 10px;
  background-color: #393939;
  grid-template-columns: 1fr 1fr;
  grid-template-areas: 'header-left header-right';
  place-items: center center;
  padding: 10px 0 1px 0;
}

.c1 {
  font-size: 1.5rem;
  font-family: 'Play',sans-serif;
  color: #FFFF99;
  margin: 0 0 0 65px;
  justify-self: start;
  -webkit-letter-spacing: 0.05rem;
  -moz-letter-spacing: 0.05rem;
  -ms-letter-spacing: 0.05rem;
  letter-spacing: 0.05rem;
}

@media screen and (min-width:600px) {
  .c2 > img {
    left: 0;
  }
}

@media screen and (min-width:600px) {
  .c0 {
    padding: 10px 20px 1px 20px;
  }
}

@media screen and (min-width:600px) {
  .c1 {
    margin-left: 70px;
  }
}

<StyledComponent
    forwardedComponent={
      Object {
        "$$typeof": Symbol(react.forward_ref),
        "attrs": Array [],
        "componentStyle": ComponentStyle {
          "componentId": "Headerstyle__header-sc-6zuvh-0",
          "isStatic": false,
          "lastClassName": "c0",
          "rules": Array [
            "grid-area:header;display:grid;grid-gap:10px;background-color:",
            [Function],
            ";grid-template-columns:1fr 1fr;grid-template-areas:'header-left header-right';place-items:center center;padding:10px 0 1px 0;@media screen and (min-width:600px){padding:10px 20px 1px 20px;}",
          ],
        },
        "displayName": "Headerstyle__header",
        "foldedComponentIds": Array [],
        "render": [Function],
        "styledComponentId": "Headerstyle__header-sc-6zuvh-0",
        "target": "header",
        "toString": [Function],
        "warnTooManyClasses": [Function],
        "withComponent": [Function],
      }
    }
    forwardedRef={null}
    snapshot="Header"
  >
    <header
      className="c0"
    >
      <Headerstyle__h1>
        <StyledComponent
          forwardedComponent={
            Object {
              "$$typeof": Symbol(react.forward_ref),
              "attrs": Array [],
              "componentStyle": ComponentStyle {
                "componentId": "Headerstyle__h1-sc-6zuvh-1",
                "isStatic": false,
                "lastClassName": "c1",
                "rules": Array [
                  "font-size:1.5rem;font-family:'Play',sans-serif;color:",
                  [Function],
                  ";margin:0 0 0 65px;justify-self:start;letter-spacing:0.05rem;@media screen and (min-width:600px){margin-left:70px;}",
                ],
              },
              "displayName": "Headerstyle__h1",
              "foldedComponentIds": Array [],
              "render": [Function],
              "styledComponentId": "Headerstyle__h1-sc-6zuvh-1",
              "target": "h1",
              "toString": [Function],
              "warnTooManyClasses": [Function],
              "withComponent": [Function],
            }
          }
          forwardedRef={null}
        >
          <h1
            className="c1"
          >
            Starter
          </h1>
        </StyledComponent>
      </Headerstyle__h1>
      <SignOn>
        <Component>
          <Query
            errorPolicy="all"
            query={
              Object {
                "definitions": Array [
                  Object {
                    "directives": Array [],
                    "kind": "OperationDefinition",
                    "name": Object {
                      "kind": "Name",
                      "value": "ME_QUERY",
                    },
                    "operation": "query",
                    "selectionSet": Object {
                      "kind": "SelectionSet",
                      "selections": Array [
                        Object {
                          "alias": undefined,
                          "arguments": Array [],
                          "directives": Array [],
                          "kind": "Field",
                          "name": Object {
                            "kind": "Name",
                            "value": "me",
                          },
                          "selectionSet": Object {
                            "kind": "SelectionSet",
                            "selections": Array [
                              Object {
                                "alias": undefined,
                                "arguments": Array [],
                                "directives": Array [],
                                "kind": "Field",
                                "name": Object {
                                  "kind": "Name",
                                  "value": "id",
                                },
                                "selectionSet": undefined,
                              },
                              Object {
                                "alias": undefined,
                                "arguments": Array [],
                                "directives": Array [],
                                "kind": "Field",
                                "name": Object {
                                  "kind": "Name",
                                  "value": "email",
                                },
                                "selectionSet": undefined,
                              },
                            ],
                          },
                        },
                      ],
                    },
                    "variableDefinitions": Array [],
                  },
                ],
                "kind": "Document",
                "loc": Object {
                  "end": 60,
                  "start": 0,
                },
              }
            }
          >
            <Component>
              <p
                snapshot="DisplayLoading"
              >
                Loading ...
              </p>
            </Component>
          </Query>
        </Component>
      </SignOn>
      <IdeaCardForm>
        <Mutation
          errorPolicy="all"
          mutation={
            Object {
              "definitions": Array [
                Object {
                  "directives": Array [],
                  "kind": "OperationDefinition",
                  "name": Object {
                    "kind": "Name",
                    "value": "CREATE_IDEA_MUTATION",
                  },
                  "operation": "mutation",
                  "selectionSet": Object {
                    "kind": "SelectionSet",
                    "selections": Array [
                      Object {
                        "alias": undefined,
                        "arguments": Array [
                          Object {
                            "kind": "Argument",
                            "name": Object {
                              "kind": "Name",
                              "value": "content",
                            },
                            "value": Object {
                              "kind": "Variable",
                              "name": Object {
                                "kind": "Name",
                                "value": "content",
                              },
                            },
                          },
                        ],
                        "directives": Array [],
                        "kind": "Field",
                        "name": Object {
                          "kind": "Name",
                          "value": "createIdea",
                        },
                        "selectionSet": Object {
                          "kind": "SelectionSet",
                          "selections": Array [
                            Object {
                              "alias": undefined,
                              "arguments": Array [],
                              "directives": Array [],
                              "kind": "Field",
                              "name": Object {
                                "kind": "Name",
                                "value": "id",
                              },
                              "selectionSet": undefined,
                            },
                          ],
                        },
                      },
                    ],
                  },
                  "variableDefinitions": Array [
                    Object {
                      "defaultValue": undefined,
                      "directives": Array [],
                      "kind": "VariableDefinition",
                      "type": Object {
                        "kind": "NonNullType",
                        "type": Object {
                          "kind": "NamedType",
                          "name": Object {
                            "kind": "Name",
                            "value": "String",
                          },
                        },
                      },
                      "variable": Object {
                        "kind": "Variable",
                        "name": Object {
                          "kind": "Name",
                          "value": "content",
                        },
                      },
                    },
                  ],
                },
              ],
              "kind": "Document",
              "loc": Object {
                "end": 109,
                "start": 0,
              },
            }
          }
          onError={[Function]}
          refetchQueries={
            Array [
              Object {
                "query": Object {
                  "definitions": Array [
                    Object {
                      "directives": Array [],
                      "kind": "OperationDefinition",
                      "name": Object {
                        "kind": "Name",
                        "value": "ME_IDEAS_QUERY",
                      },
                      "operation": "query",
                      "selectionSet": Object {
                        "kind": "SelectionSet",
                        "selections": Array [
                          Object {
                            "alias": undefined,
                            "arguments": Array [],
                            "directives": Array [],
                            "kind": "Field",
                            "name": Object {
                              "kind": "Name",
                              "value": "getUserIdeas",
                            },
                            "selectionSet": Object {
                              "kind": "SelectionSet",
                              "selections": Array [
                                Object {
                                  "alias": undefined,
                                  "arguments": Array [],
                                  "directives": Array [],
                                  "kind": "Field",
                                  "name": Object {
                                    "kind": "Name",
                                    "value": "id",
                                  },
                                  "selectionSet": undefined,
                                },
                                Object {
                                  "alias": undefined,
                                  "arguments": Array [],
                                  "directives": Array [],
                                  "kind": "Field",
                                  "name": Object {
                                    "kind": "Name",
                                    "value": "content",
                                  },
                                  "selectionSet": undefined,
                                },
                              ],
                            },
                          },
                        ],
                      },
                      "variableDefinitions": Array [],
                    },
                  ],
                  "kind": "Document",
                  "loc": Object {
                    "end": 78,
                    "start": 0,
                  },
                },
              },
            ]
          }
          variables={
            Object {
              "content": "",
            }
          }
        >
          <IdeaCardFormstyle__form
            onSubmit={[Function]}
            snapshot="IdeaCardForm"
          >
            <StyledComponent
              forwardedComponent={
                Object {
                  "$$typeof": Symbol(react.forward_ref),
                  "attrs": Array [],
                  "componentStyle": ComponentStyle {
                    "componentId": "IdeaCardFormstyle__form-sc-4er11-0",
                    "isStatic": false,
                    "lastClassName": "c2",
                    "rules": Array [
                      "display:flex;width:100%;grid-column:span 2;position:relative;> img{width:50px;position:absolute;top:-30px;left:10px;}> textarea{padding:10px;outline:none;min-height:56px;width:100%;resize:vertical;border:none;margin-right:1px;}> button{border:none;outline:none;cursor:pointer;background-color:",
                      [Function],
                      ";padding:0;&:active{background-color:",
                      [Function],
                      ";}}@media screen and (min-width:600px){> img{left:0;}}",
                    ],
                  },
                  "displayName": "IdeaCardFormstyle__form",
                  "foldedComponentIds": Array [],
                  "render": [Function],
                  "styledComponentId": "IdeaCardFormstyle__form-sc-4er11-0",
                  "target": "form",
                  "toString": [Function],
                  "warnTooManyClasses": [Function],
                  "withComponent": [Function],
                }
              }
              forwardedRef={null}
              onSubmit={[Function]}
              snapshot="IdeaCardForm"
            >
              <form
                className="c2"
                onSubmit={[Function]}
              >
                <img
                  alt="ideabox"
                  src="static/ideabox.png"
                />
                <textarea
                  name="idea"
                  onChange={[Function]}
                  placeholder="What's on your mind?"
                  type="text"
                  value=""
                />
                <button
                  disabled={true}
                  type="submit"
                >
                  Add Idea
                </button>
              </form>
            </StyledComponent>
          </IdeaCardFormstyle__form>
        </Mutation>
      </IdeaCardForm>
    </header>
  </StyledComponent>,
]
`;
