// Jest Snapshot v1, https://goo.gl/fbAQLP

exports[`IdeaCardForm matches snapshot - loaded 1`] = `
.c0 {
  display: -webkit-box;
  display: -webkit-flex;
  display: -ms-flexbox;
  display: flex;
  width: 100%;
  grid-column: span 2;
  position: relative;
}

.c0 > img {
  width: 50px;
  position: absolute;
  top: -30px;
  left: 10px;
}

.c0 > textarea {
  padding: 10px;
  outline: none;
  min-height: 56px;
  width: 100%;
  resize: vertical;
  border: none;
  margin-right: 1px;
}

.c0 > button {
  border: none;
  outline: none;
  cursor: pointer;
  background-color: #fffacd;
  padding: 0;
}

.c0 > button:active {
  background-color: #FFFF99;
}

@media screen and (min-width:600px) {
  .c0 > img {
    left: 0;
  }
}

<IdeaCardFormstyle__form
  onSubmit={[Function]}
>
  <StyledComponent
    forwardedComponent={
      Object {
        "$$typeof": Symbol(react.forward_ref),
        "attrs": Array [],
        "componentStyle": ComponentStyle {
          "componentId": "IdeaCardFormstyle__form-sc-4er11-0",
          "isStatic": false,
          "lastClassName": "c0",
          "rules": Array [
            "display:flex;width:100%;grid-column:span 2;position:relative;> img{width:50px;position:absolute;top:-30px;left:10px;}> textarea{padding:10px;outline:none;min-height:56px;width:100%;resize:vertical;border:none;margin-right:1px;}> button{border:none;outline:none;cursor:pointer;background-color:",
            [Function],
            ";padding:0;&:active{background-color:",
            [Function],
            ";}}@media screen and (min-width:600px){> img{left:0;}}",
          ],
        },
        "displayName": "IdeaCardFormstyle__form",
        "foldedComponentIds": Array [],
        "render": [Function],
        "styledComponentId": "IdeaCardFormstyle__form-sc-4er11-0",
        "target": "form",
        "toString": [Function],
        "warnTooManyClasses": [Function],
        "withComponent": [Function],
      }
    }
    forwardedRef={null}
    onSubmit={[Function]}
  >
    <form
      className="c0"
      onSubmit={[Function]}
    >
      <img
        alt="ideabox"
        src="static/ideabox.png"
      />
      <textarea
        name="idea"
        onChange={[Function]}
        placeholder="What's on your mind?"
        type="text"
        value=""
      />
      <button
        disabled={true}
        type="submit"
      >
        Add Idea
      </button>
    </form>
  </StyledComponent>
</IdeaCardFormstyle__form>
`;

exports[`IdeaCardForm matches snapshot 1`] = `
.c0 {
  display: -webkit-box;
  display: -webkit-flex;
  display: -ms-flexbox;
  display: flex;
  width: 100%;
  grid-column: span 2;
  position: relative;
}

.c0 > img {
  width: 50px;
  position: absolute;
  top: -30px;
  left: 10px;
}

.c0 > textarea {
  padding: 10px;
  outline: none;
  min-height: 56px;
  width: 100%;
  resize: vertical;
  border: none;
  margin-right: 1px;
}

.c0 > button {
  border: none;
  outline: none;
  cursor: pointer;
  background-color: #fffacd;
  padding: 0;
}

.c0 > button:active {
  background-color: #FFFF99;
}

@media screen and (min-width:600px) {
  .c0 > img {
    left: 0;
  }
}

<IdeaCardFormstyle__form
  onSubmit={[Function]}
>
  <StyledComponent
    forwardedComponent={
      Object {
        "$$typeof": Symbol(react.forward_ref),
        "attrs": Array [],
        "componentStyle": ComponentStyle {
          "componentId": "IdeaCardFormstyle__form-sc-4er11-0",
          "isStatic": false,
          "lastClassName": "c0",
          "rules": Array [
            "display:flex;width:100%;grid-column:span 2;position:relative;> img{width:50px;position:absolute;top:-30px;left:10px;}> textarea{padding:10px;outline:none;min-height:56px;width:100%;resize:vertical;border:none;margin-right:1px;}> button{border:none;outline:none;cursor:pointer;background-color:",
            [Function],
            ";padding:0;&:active{background-color:",
            [Function],
            ";}}@media screen and (min-width:600px){> img{left:0;}}",
          ],
        },
        "displayName": "IdeaCardFormstyle__form",
        "foldedComponentIds": Array [],
        "render": [Function],
        "styledComponentId": "IdeaCardFormstyle__form-sc-4er11-0",
        "target": "form",
        "toString": [Function],
        "warnTooManyClasses": [Function],
        "withComponent": [Function],
      }
    }
    forwardedRef={null}
    onSubmit={[Function]}
  >
    <form
      className="c0"
      onSubmit={[Function]}
    >
      <img
        alt="ideabox"
        src="static/ideabox.png"
      />
      <textarea
        name="idea"
        onChange={[Function]}
        placeholder="What's on your mind?"
        type="text"
        value=""
      />
      <button
        disabled={true}
        type="submit"
      >
        Add Idea
      </button>
    </form>
  </StyledComponent>
</IdeaCardFormstyle__form>
`;
