// Jest Snapshot v1, https://goo.gl/fbAQLP

exports[`IdeaCardContainer matches snapshot - loaded 1`] = `
.c0 {
  display: -webkit-box;
  display: -webkit-flex;
  display: -ms-flexbox;
  display: flex;
  -webkit-box-pack: center;
  -webkit-justify-content: center;
  -ms-flex-pack: center;
  justify-content: center;
}

<IdeaCardContainerstyle__IdeaContainer>
  <StyledComponent
    forwardedComponent={
      Object {
        "$$typeof": Symbol(react.forward_ref),
        "attrs": Array [],
        "componentStyle": ComponentStyle {
          "componentId": "IdeaCardContainerstyle__IdeaContainer-sc-155izcs-0",
          "isStatic": true,
          "lastClassName": "c0",
          "rules": Array [
            "display:flex;justify-content:center;",
          ],
        },
        "displayName": "IdeaCardContainerstyle__IdeaContainer",
        "foldedComponentIds": Array [],
        "render": [Function],
        "styledComponentId": "IdeaCardContainerstyle__IdeaContainer-sc-155izcs-0",
        "target": "div",
        "toString": [Function],
        "warnTooManyClasses": [Function],
        "withComponent": [Function],
      }
    }
    forwardedRef={null}
  >
    <div
      className="c0"
    >
      <Memo()>
        <p>
          Loading ...
        </p>
      </Memo()>
      <p>
        Think of something!
      </p>
    </div>
  </StyledComponent>
</IdeaCardContainerstyle__IdeaContainer>
`;

exports[`IdeaCardContainer matches snapshot 1`] = `
.c0 {
  display: -webkit-box;
  display: -webkit-flex;
  display: -ms-flexbox;
  display: flex;
  -webkit-box-pack: center;
  -webkit-justify-content: center;
  -ms-flex-pack: center;
  justify-content: center;
}

<IdeaCardContainerstyle__IdeaContainer>
  <StyledComponent
    forwardedComponent={
      Object {
        "$$typeof": Symbol(react.forward_ref),
        "attrs": Array [],
        "componentStyle": ComponentStyle {
          "componentId": "IdeaCardContainerstyle__IdeaContainer-sc-155izcs-0",
          "isStatic": true,
          "lastClassName": "c0",
          "rules": Array [
            "display:flex;justify-content:center;",
          ],
        },
        "displayName": "IdeaCardContainerstyle__IdeaContainer",
        "foldedComponentIds": Array [],
        "render": [Function],
        "styledComponentId": "IdeaCardContainerstyle__IdeaContainer-sc-155izcs-0",
        "target": "div",
        "toString": [Function],
        "warnTooManyClasses": [Function],
        "withComponent": [Function],
      }
    }
    forwardedRef={null}
  >
    <div
      className="c0"
    >
      <Memo()>
        <p>
          Loading ...
        </p>
      </Memo()>
      <p>
        Think of something!
      </p>
    </div>
  </StyledComponent>
</IdeaCardContainerstyle__IdeaContainer>
`;
