// Jest Snapshot v1, https://goo.gl/fbAQLP

exports[`SignUp renders correctly 1`] = `
<formstyle__form
  onSubmit={[Function]}
>
  <fieldset
    aria-busy={false}
    disabled={false}
  >
    <h2>
      Create a new Account
    </h2>
    <label
      htmlFor="email"
    >
      Email
      <SignUpstyle__inputText
        name="email"
        onChange={[Function]}
        placeholder="email"
        type="email"
        value=""
      />
    </label>
    <label
      htmlFor="password"
    >
      Password
      <SignUpstyle__inputText
        name="password"
        onChange={[Function]}
        placeholder="password"
        type="password"
        value=""
      />
    </label>
    <label
      htmlFor="confirmPassword"
    >
      Confirm Password
      <SignUpstyle__inputText
        name="confirmPassword"
        onChange={[Function]}
        placeholder="password"
        type="password"
        value=""
      />
    </label>
    <SignUpstyle__h3PassTitle>
      Password must contain:
    </SignUpstyle__h3PassTitle>
    <SignUpstyle__ulPassList
      aria-label="Password must contain:"
    >
      <li>
        at least 8 charactors
      </li>
      <li>
        an uppercase letter
      </li>
      <li>
        a lowercase letter
      </li>
      <li>
        a number
      </li>
    </SignUpstyle__ulPassList>
    <SignUpstyle__inputBtn
      disabled={true}
      type="submit"
      value="Sign Up"
    />
  </fieldset>
</formstyle__form>
`;
