// Jest Snapshot v1, https://goo.gl/fbAQLP

exports[`SignIn renders correctly 1`] = `
<Fragment>
  <formstyle__form
    onSubmit={[Function]}
  >
    <fieldset
      aria-busy={false}
      disabled={false}
    >
      <h2>
        Sign In
      </h2>
      <label
        htmlFor="email"
      >
        Email
        <SignInstyle__inputText
          name="email"
          onChange={[Function]}
          placeholder="email"
          type="email"
          value=""
        />
      </label>
      <label
        htmlFor="password"
      >
        Password
        <SignInstyle__inputText
          name="password"
          onChange={[Function]}
          placeholder="password"
          type="password"
          value=""
        />
      </label>
      <SignInstyle__inputBtn
        disabled={true}
        type="submit"
        value="Sign In"
      />
    </fieldset>
  </formstyle__form>
  <SignInstyle__aForgotPass
    value="Forgot password?"
  >
    Forgot password?
  </SignInstyle__aForgotPass>
</Fragment>
`;
